 AS V1.42 Beta [Bld 183] - Source File 16bit.asm - Page 1 - 12/04/2020 09:35:06 PM


       1/       0 :                     ;;;;;;;;;;;;;;;;;;;;;;;;;;;;;;;;;;;;;;;;;;;;;;;;;;;;;;;;;;;;;;;;;;;;;;;;;;;;;;
       2/       0 :                     ;
       3/       0 :                     ; NAME:    add.asm
       4/       0 :                     ; AUTHOR:  Adrian Buchholz, Francesco Crisafulli, Peter Yuan
       5/       0 :                     ; LASTMOD: 2020.12.02
       6/       0 :                     ;
       7/       0 :                     ; DESCRIPTION:
       8/       0 :                     ;
       9/       0 :                     ;     This is the assembly source code that adds two 16 bit numbers
      10/       0 :                     ;
      11/       0 :                     ;;;;;;;;;;;;;;;;;;;;;;;;;;;;;;;;;;;;;;;;;;;;;;;;;;;;;;;;;;;;;;;;;;;;;;;;;;;;;;
      12/       0 :                     
      13/       0 :                     
      14/       0 :                             ORG    0o       
      15/       0 : 072 200 000         START:  LDA    VAL1     ; VAL1 (200) | low byte
      16/       3 : 107                         MOV    B,A      ; Move to Register B
      17/       4 : 072 201 000                 LDA    VAL2     ; VAL2 (201) | low byte
      18/       7 : 200                         ADD    B        ; Add two low bytes | Sets Carry Bit to 0 or 1
      19/      10 : 062 205 000                 STA    SUMLOW   ; Store in (205)
      20/      13 :                     
      21/      13 :                             ; Add the second byte (Doesn't affect carry bit)
      22/      13 : 072 202 000                 LDA    VAL3     ; VAL2 (202) | high byte
      23/      16 : 117                         MOV    C,A      ; Move to Register C
      24/      17 : 072 203 000                 LDA    VAL4     ; VAL4 (203) | high byte
      25/      22 :                     
      26/      22 : 322 026 000                 JNC     ADD_2   ; Check for Carry from the first byte add | if 0 jump to ADD_2 else increment by one and go to ADD_2
      27/      25 : 074                         INR     A       ; Add the carry bit from the lower byte
      28/      26 :                     
      29/      26 :                     ADD_2:
      30/      26 : 201                         ADD    C        ; Add two high bytes
      31/      27 : 062 206 000                 STA    SUMHIGH  ; Store in (206)
      32/      32 :                     
      33/      32 : 303 000 000                 JMP    START    
      34/      35 :                     
      35/      35 :                     
      36/     200 :                                   ORG    200o 
      37/     200 :                     ; Low Bytes     
      38/     200 : 362                 VAL1:         DB     11110010b        
      39/     201 : 045                 VAL2:         DB     00100101b 
      40/     202 :                     
      41/     202 :                     ; High Bytes
      42/     202 : 124                 VAL3:         DB     01010100b   
      43/     203 : 126                 VAL4:         DB     01010110b 
      44/     204 :                     
      45/     204 :                     ; Carry bit
      46/     204 : 001                 CARRY:        DB     00000001b ; Memory Register 204
      47/     205 :                     
      48/     205 :                     ; Story High and Low Byte Sum
      49/     205 : 000                 SUMLOW:       DB     00000000b
      50/     206 : 000                 SUMHIGH:      DB     00000000b     
      51/     207 :                     
      52/     207 :                             END
 AS V1.42 Beta [Bld 183] - Source File 16bit.asm - Page 2 - 12/04/2020 09:35:06 PM


  Symbol Table (* = unused):
  --------------------------

 ADD_2 :                         26 C |
*ARCHITECTURE :                                      "x86_64-unknown-linux" - |
*BIGENDIAN :                      0 - | *BRANCHEXT :                      0 - |
*CARRY :                        204 C | *CASESENSITIVE :                  0 - |
*CONSTPI :        3.141592653589793 - | *DATE :                "12/04/2020" - |
*FALSE :                          0 - | *FULLPMMU :                       1 - |
*HAS64 :                          1 - | *HASDSP :                         0 - |
*HASFPU :                         0 - | *HASPMMU :                        0 - |
*INEXTMODE :                      0 - | *INLWORDMODE :                    0 - |
*INMAXMODE :                      0 - | *INSRCMODE :                      0 - |
*INSUPMODE :                      0 - | *LISTON :                         1 - |
*MACEXP :                         7 - | *MOMCPU :                    100200 - |
*MOMCPUNAME :                "8080" - | *NESTMAX :                      400 - |
*PACKING :                        0 - | *PADDING :                        1 - |
*RELAXED :                        0 - |  START :                          0 C |
 SUMHIGH :                      206 C |  SUMLOW :                       205 C |
*TIME :               "09:35:06 PM" - | *TRUE :                           1 - |
 VAL1 :                         200 C |  VAL2 :                         201 C |
 VAL3 :                         202 C |  VAL4 :                         203 C |
*VERSION :                    12057 - | *Z80SYNTAX :                      0 - |

     38 symbols
     30 unused symbols

 AS V1.42 Beta [Bld 183] - Source File 16bit.asm - Page 3 - 12/04/2020 09:35:06 PM


  Code Pages:
  ----------

STANDARD (0 changed characters)

1 code page

0.00 seconds assembly time

     54 lines source file
      2 passes
      0 errors
      0 warnings
