 AS V1.42 Beta [Bld 176] - Source File riddle2.asm - Page 1 - 12/17/2020 08:29:38 AM


       1/       0 : 3A 43 00            	LDA	103o
       2/       3 : 32 0D 00            	STA	015o
       3/       6 : 3A 40 00            	LDA	100o
       4/       9 : 47                  	MOV	B,A
       5/       A : 3A 41 00            	LDA	101o
       6/       D : 80                  	ADD	B
       7/       E : 32 42 00            	STA	102o
       8/      11 : C3 00 00            	JMP	000o
       9/      14 :                     
      10/      40 :                     	ORG	100o
      11/      40 : 05                  	DB	005o
      12/      41 : 08                  	DB	010o
      13/      42 : 00                  	DB	000o
      14/      43 : 90                  	DB	220o
      15/      44 :                     
 AS V1.42 Beta [Bld 176] - Source File riddle2.asm - Page 2 - 12/17/2020 08:29:38 AM


  Symbol Table (* = unused):
  --------------------------

*ARCHITECTURE :                                      "x86_64-unknown-linux" - |
*BIGENDIAN :                      0 - | *BRANCHEXT :                      0 - |
*CASESENSITIVE :                  0 - | *CONSTPI :        3.141592653589793 - |
*DATE :                "12/17/2020" - | *FALSE :                          0 - |
*FULLPMMU :                       1 - | *HAS64 :                          1 - |
*HASDSP :                         0 - | *HASFPU :                         0 - |
*HASPMMU :                        0 - | *INEXTMODE :                      0 - |
*INLWORDMODE :                    0 - | *INMAXMODE :                      0 - |
*INSRCMODE :                      0 - | *INSUPMODE :                      0 - |
*LISTON :                         1 - | *MACEXP :                         7 - |
*MOMCPU :                      8080 - | *MOMCPUNAME :                "8080" - |
*NESTMAX :                      100 - | *PACKING :                        0 - |
*PADDING :                        1 - | *RELAXED :                        0 - |
*TIME :               "08:29:38 AM" - | *TRUE :                           1 - |
*VERSION :                     142F - | *Z80SYNTAX :                      0 - |

     29 symbols
     29 unused symbols

 AS V1.42 Beta [Bld 176] - Source File riddle2.asm - Page 3 - 12/17/2020 08:29:38 AM


  Code Pages:
  ----------

STANDARD (0 changed characters)

1 code page

0.00 seconds assembly time

     15 lines source file
      1 pass
      0 errors
      0 warnings
