 AS V1.42 Beta [Bld 176] - Source File riddle1.asm - Page 1 - 12/17/2020 08:02:41 AM


       1/       0 : 072 000 000         	LDA	000o
       2/       3 : 062 200 000         	STA	200o
       3/       6 :                     
       4/       6 : 072 001 000         	LDA	001o
       5/      11 : 062 201 000         	STA	201o
       6/      14 :                     
       7/      14 : 072 002 000         	LDA	002o
       8/      17 : 062 202 000         	STA	202o
       9/      22 :                     
      10/      22 : 303 000 000         	JMP	000o
      11/      25 :                     
 AS V1.42 Beta [Bld 176] - Source File riddle1.asm - Page 2 - 12/17/2020 08:02:41 AM


  Symbol Table (* = unused):
  --------------------------

*ARCHITECTURE :                                      "x86_64-unknown-linux" - |
*BIGENDIAN :                      0 - | *BRANCHEXT :                      0 - |
*CASESENSITIVE :                  0 - | *CONSTPI :        3.141592653589793 - |
*DATE :                "12/17/2020" - | *FALSE :                          0 - |
*FULLPMMU :                       1 - | *HAS64 :                          1 - |
*HASDSP :                         0 - | *HASFPU :                         0 - |
*HASPMMU :                        0 - | *INEXTMODE :                      0 - |
*INLWORDMODE :                    0 - | *INMAXMODE :                      0 - |
*INSRCMODE :                      0 - | *INSUPMODE :                      0 - |
*LISTON :                         1 - | *MACEXP :                         7 - |
*MOMCPU :                    100200 - | *MOMCPUNAME :                "8080" - |
*NESTMAX :                      400 - | *PACKING :                        0 - |
*PADDING :                        1 - | *RELAXED :                        0 - |
*TIME :               "08:02:41 AM" - | *TRUE :                           1 - |
*VERSION :                    12057 - | *Z80SYNTAX :                      0 - |

     29 symbols
     29 unused symbols

 AS V1.42 Beta [Bld 176] - Source File riddle1.asm - Page 3 - 12/17/2020 08:02:41 AM


  Code Pages:
  ----------

STANDARD (0 changed characters)

1 code page

0.00 seconds assembly time

     11 lines source file
      1 pass
      0 errors
      0 warnings
