 AS V1.42 Beta [Bld 183] - Source File black-adder.asm - Page 1 - 12/04/2020 09:35:07 PM


       1/       0 :                     	PAGE	40		; 40 lines per page
       2/       0 :                     	TITLE	"Black Adder - Copyright (C) Kevin Cole 2020.11.04 (GPL)"
       3/       0 :                     ;;;;;;;;;;;;;;;;;;;;;;;;;;;;;;;;;;;;;;;;;;;;;;;;;;;;;;;;;;;;;;;;;;;;;;;;;;;;;;
       4/       0 :                     ;
       5/       0 :                     ; NAME:    black-adder.asm
       6/       0 :                     ; EDITOR:  Kevin Cole ("The Ubuntourist") <kevin.cole@novawebdevelopment.org>
       7/       0 :                     ; LASTMOD: 2020.11.03 (kjc)
       8/       0 :                     ;
       9/       0 :                     ; DESCRIPTION:
      10/       0 :                     ;
      11/       0 :                     ;     Increment a memory location each time a key is pressed.
      12/       0 :                     ;
      13/       0 :                     ;     To take full advantage of the included ANSI escape sequences,
      14/       0 :                     ;     start minicom with the `-c on` option:
      15/       0 :                     ;
      16/       0 :                     ;         $ minicom -c on altair
      17/       0 :                     ;
      18/       0 :                     ;     or include it in the MINICOM environment variable:
      19/       0 :                     ;
      20/       0 :                     ;         $ export MINICOM="-m -c on"
      21/       0 :                     ;         $ minicom altair
      22/       0 :                     ;
      23/       0 :                     ;     NOTES: For help with ANSI escape sequences see:
      24/       0 :                     ;
      25/       0 :                     ;                https://en.wikipedia.org/wiki/ANSI_escape_code
      26/       0 :                     ;
      27/       0 :                     ;;;;;;;;;;;;;;;;;;;;;;;;;;;;;;;;;;;;;;;;;;;;;;;;;;;;;;;;;;;;;;;;;;;;;;;;;;;;;;
      28/       0 :                     
      29/       0 :                     ; Code segment
      30/       0 :                     
